Microchip MPLAB XC8 Compiler V1.40 ()

Linker command line:

-W-3 --edf=C:\Program Files (x86)\Microchip\xc8\v1.40\dat\en_msgs.txt -cs \
  -h+dist/default/production\Projeto_Odometro.production.sym \
  --cmf=dist/default/production\Projeto_Odometro.production.cmf -z \
  -Q18F4550 -oC:\Users\ferna\AppData\Local\Temp\s234.2 \
  -Mdist/default/production/Projeto_Odometro.production.map -E1 -ver=XC8 \
  -ASTACK=085h-07ffh -pstack=STACK -ACODE=00h-062AFh -ACONST=00h-062AFh \
  -ASMALLCONST=0800h-08FFhx90,06200h-062AFh -AMEDIUMCONST=0800h-062AFh \
  -ACOMRAM=01h-05Fh -AABS1=00h-07FFh -ABIGRAM=01h-07FFh \
  -ARAM=060h-0FFh,0100h-01FFhx7 -ABANK0=060h-0FFh -ABANK1=0100h-01FFh \
  -ABANK2=0200h-02FFh -ABANK3=0300h-03FFh -ABANK4=0400h-04FFh \
  -ABANK5=0500h-05FFh -ABANK6=0600h-06FFh -ABANK7=0700h-07FFh \
  -ASFR=0F60h-0FFFh -preset_vec=00h,intcode=08h,intcodelo,powerup,init \
  -pramtop=0800h -psmallconst=SMALLCONST -pmediumconst=MEDIUMCONST \
  -pconst=CONST -AFARRAM=00h-00h -ACONFIG=0300000h-030000Dh -pconfig=CONFIG \
  -AIDLOC=0200000h-0200007h -pidloc=IDLOC -AEEDATA=0F00000h-0F000FFh \
  -peeprom_data=EEDATA \
  -prdata=COMRAM,nvrram=COMRAM,nvbit=COMRAM,rbss=COMRAM,rbit=COMRAM \
  -pfarbss=FARRAM,fardata=FARRAM,nvFARRAM=FARRAM \
  -pintsave_regs=BIGRAM,bigbss=BIGRAM,bigdata=BIGRAM -pbss=RAM \
  -pidata=CODE,irdata=CODE,ibigdata=CODE,ifardata=CODE -prparam=COMRAM \
  C:\Users\ferna\AppData\Local\Temp\s234.obj \
  dist/default/production\Projeto_Odometro.production.obj 

Object code version is 3.11

Machine type is 18F4550

Call graph: (short form)




                Name                               Link     Load   Length Selector   Space Scale
C:\Users\ferna\AppData\Local\Temp\s234.obj
                init                                  E        E        4        4       0
                reset_vec                             0        0        4        0       0
                idloc                            200000   200000        8   200000       0
                config                           300000   300000        E   300000       0
dist/default/production\Projeto_Odometro.production.obj
                intcode                               8        8        6        4       0
                temp                                 51       51        1        1       1
                smallconst                          800      800        6      400       0
                intcode_body                        B02      B02       DA      403       0
                text22                             12A2     12A2       3E      403       0
                text21                             1122     1122       56      403       0
                text20                             1260     1260       42      403       0
                text19                              CB0      CB0       B0      403       0
                text18                              E8A      E8A       8C      403       0
                text17                             11CA     11CA       52      403       0
                text16                              806      806      220      403       0
                text15                             1334     1334       24      403       0
                text14                              DFE      DFE       8C      403       0
                text13                              D60      D60       9E      403       0
                text12                             13A6     13A6        6      9D3       0
                text11                              F16      F16       72      403       0
                text10                             1178     1178       52      403       0
                text9                               FF8      FF8       6A      403       0
                text8                               F88      F88       70      403       0
                text7                              10C8     10C8       5A      403       0
                text6                              121C     121C       44      403       0
                text5                              12E0     12E0       2E      403       0
                text4                               BDC      BDC       D4      403       0
                text3                              1390     1390        E      9C8       0
                text2                              130E     130E       26      403       0
                text1                               A26      A26       DC      403       0
                text0                              1358     1358       22      403       0
                cstackCOMRAM                          1        1       1F        1       1
                cstackBANK0                          74       74        A       60       1
                dataBANK0                            7E       7E        7       60       1
                bssBANK0                             60       60       14       60       1
                dataCOMRAM                           3C       3C       15        1       1
                bssCOMRAM                            20       20       1C        1       1
                cinit                              1062     1062       66      403       0
                idataBANK0                         139E     139E        7      9C8       0
                idataCOMRAM                        137A     137A       15      403       0

TOTAL           Name                               Link     Load   Length     Space
        CLASS   STACK          

        CLASS   CODE           
                intcode                               8        8        6         0
                init                                  E        E        4         0
                reset_vec                             0        0        4         0
                intcode_body                        B02      B02       DA         0
                text22                             12A2     12A2       3E         0
                text21                             1122     1122       56         0
                text20                             1260     1260       42         0
                text19                              CB0      CB0       B0         0
                text18                              E8A      E8A       8C         0
                text17                             11CA     11CA       52         0
                text16                              806      806      220         0
                text15                             1334     1334       24         0
                text14                              DFE      DFE       8C         0
                text13                              D60      D60       9E         0
                text12                             13A6     13A6        6         0
                text11                              F16      F16       72         0
                text10                             1178     1178       52         0
                text9                               FF8      FF8       6A         0
                text8                               F88      F88       70         0
                text7                              10C8     10C8       5A         0
                text6                              121C     121C       44         0
                text5                              12E0     12E0       2E         0
                text4                               BDC      BDC       D4         0
                text3                              1390     1390        E         0
                text2                              130E     130E       26         0
                text1                               A26      A26       DC         0
                text0                              1358     1358       22         0
                cinit                              1062     1062       66         0
                idataBANK0                         139E     139E        7         0
                idataCOMRAM                        137A     137A       15         0

        CLASS   CONST          

        CLASS   SMALLCONST     
                smallconst                          800      800        6         0

        CLASS   MEDIUMCONST    

        CLASS   COMRAM         
                temp                                 51       51        1         1
                cstackCOMRAM                          1        1       1F         1
                dataCOMRAM                           3C       3C       15         1
                bssCOMRAM                            20       20       1C         1

        CLASS   ABS1           

        CLASS   BIGRAM         

        CLASS   RAM            

        CLASS   BANK0          
                cstackBANK0                          74       74        A         1
                dataBANK0                            7E       7E        7         1
                bssBANK0                             60       60       14         1

        CLASS   BANK1          

        CLASS   BANK2          

        CLASS   BANK3          

        CLASS   BANK4          

        CLASS   BANK5          

        CLASS   BANK6          

        CLASS   BANK7          

        CLASS   SFR            

        CLASS   FARRAM         

        CLASS   CONFIG         
                config                           300000   300000        E         0

        CLASS   IDLOC          
                idloc                            200000   200000        8         0

        CLASS   EEDATA         



SEGMENTS        Name                           Load    Length   Top    Selector   Space  Class

                reset_vec                      000000  000004  000004         0       0  CODE    
                cstackCOMRAM                   000001  000051  000052         1       1  COMRAM  
                intcode                        000008  00000A  000012         4       0  CODE    
                bssBANK0                       000060  000025  000085        60       1  BANK0   
                smallconst                     000800  000006  000806       400       0  SMALLCON
                text16                         000806  000B89  00138F       403       0  CODE    
                text3                          001390  000015  0013A5       9C8       0  CODE    
                text12                         0013A6  000006  0013AC       9D3       0  CODE    
                idloc                          200000  000008  200008    200000       0  IDLOC   
                config                         300000  00000E  30000E    300000       0  CONFIG  


UNUSED ADDRESS RANGES

        Name                Unused          Largest block    Delta
        BANK0            000085-0000FF               7B
        BANK1            000100-0001FF              100
        BANK2            000200-0002FF              100
        BANK3            000300-0003FF              100
        BANK4            000400-0004FF              100
        BANK5            000500-0005FF              100
        BANK6            000600-0006FF              100
        BANK7            000700-0007FF              100
        BIGRAM           000052-00005F                E
                         000085-0007FF              77B
        CODE             000004-000007                4
                         000012-0007FF              7EE
                         00138F-00138F                1
                         0013A5-0013A5                1
                         0013AC-0062AF             4F04
        COMRAM           000052-00005F                E
        CONST            000004-000007                4
                         000012-0007FF              7EE
                         00138F-00138F                1
                         0013A5-0013A5                1
                         0013AC-0062AF             4F04
        EEDATA           F00000-F000FF              100
        MEDIUMCONST      00138F-00138F                1
                         0013A5-0013A5                1
                         0013AC-0062AF             4F04
        RAM              000085-0007FF              100
        SFR              000F60-000FFF               A0
        SMALLCONST       00138F-00138F                1
                         0013A5-0013A5                1
                         0013AC-0062AF              100
        STACK            000085-0007FF              77B

                                  Symbol Table

?___lldiv                           cstackBANK0  000074
?___lmul                            cstackCOMRAM 00000F
?___lwdiv                           cstackCOMRAM 00000F
Delay@Cnt1                          cstackCOMRAM 00000F
Delay@Cnt2                          cstackCOMRAM 000010
EEPROM_ReadByte@MemoryAddress       cstackCOMRAM 00000F
EEPROM_WriteByte@WriteData          cstackCOMRAM 00000F
EEPROM_WriteByte@WriteMemoryAddress cstackCOMRAM 000010
EnderecoCursor@endereco             cstackCOMRAM 000011
EscreveCaractereLCD@data            cstackCOMRAM 000011
EscreveComandoLCD@cmd               cstackCOMRAM 000011
EscreveFraseRamLCD@buffer           cstackCOMRAM 000012
EscreveInteiroLCD@F3948             dataCOMRAM   00003C
PosicaoCursorLCD@EnderecoLCD        cstackCOMRAM 000014
PosicaoCursorLCD@coluna             cstackCOMRAM 000012
PosicaoCursorLCD@linha              cstackCOMRAM 000013
_ADCON0                             (abs)        000FC2
_ADCON0bits                         (abs)        000FC2
_ADCON1                             (abs)        000FC1
_ADCON2                             (abs)        000FC0
_ADCRead                            text22       0012A2
_ADRESH                             (abs)        000FC4
_ADRESL                             (abs)        000FC3
_CCP1CON                            (abs)        000FBD
_Combustivel                        text16       000806
_ConfiguraLCD                       text13       000D60
_Delay                              text15       001334
_EEADR                              (abs)        000FA9
_EECON1                             (abs)        000FA6
_EECON1bits                         (abs)        000FA6
_EECON2                             (abs)        000FA7
_EEDATA                             (abs)        000FA8
_EEPROM_ReadByte                    text3        001390
_EEPROM_WriteByte                   text2        00130E
_EnderecoCursor                     text9        000FF8
_EscreveCaractereLCD                text11       000F16
_EscreveComandoLCD                  text14       000DFE
_EscreveFraseRamLCD                 text10       001178
_INTCON                             (abs)        000FF2
_INTCON2                            (abs)        000FF1
_INTCON3                            (abs)        000FF0
_INTCONbits                         (abs)        000FF2
_IPR1                               (abs)        000F9F
_IPR2                               (abs)        000FA2
_Init_EEPROM                        text12       0013A6
_LATA                               (abs)        000F89
_LATB                               (abs)        000F8A
_LATD                               (abs)        000F8C
_PIE1                               (abs)        000F9D
_PIE1bits                           (abs)        000F9D
_PIE2                               (abs)        000FA0
_PIR1                               (abs)        000F9E
_PIR1bits                           (abs)        000F9E
_PIR2                               (abs)        000FA1
_PORTB                              (abs)        000F81
_PORTCbits                          (abs)        000F82
_PORTDbits                          (abs)        000F83
_PORTEbits                          (abs)        000F84
_PosicaoCursorLCD                   text8        000F88
_RCON                               (abs)        000FD0
_T0CON                              (abs)        000FD5
_T0IF                               (abs)        007F92
_T1CON                              (abs)        000FCD
_T3CONbits                          (abs)        000FB1
_TMR0                               (abs)        000FD6
_TRISA                              (abs)        000F92
_TRISB                              (abs)        000F93
_TRISC                              (abs)        000F94
_TRISCbits                          (abs)        000F94
_TRISD                              (abs)        000F95
_TRISDbits                          (abs)        000F95
_TRISE                              (abs)        000F96
_TensaoBateria                      text20       001260
_ValorCombustivel                   text18       000E8A
__HRAM                              (abs)        000000
__Habs1                             abs1         000000
__Hbank0                            bank0        000000
__Hbank1                            bank1        000000
__Hbank2                            bank2        000000
__Hbank3                            bank3        000000
__Hbank4                            bank4        000000
__Hbank5                            bank5        000000
__Hbank6                            bank6        000000
__Hbank7                            bank7        000000
__Hbigbss                           bigbss       000000
__Hbigdata                          bigdata      000000
__Hbigram                           bigram       000000
__Hbss                              bss          000000
__HbssBANK0                         bssBANK0     000000
__HbssCOMRAM                        bssCOMRAM    000000
__Hcinit                            cinit        000000
__Hclrtext                          clrtext      000000
__Hcomram                           comram       000000
__Hconfig                           config       30000E
__Hconst                            const        000000
__HcstackBANK0                      cstackBANK0  000000
__HcstackCOMRAM                     cstackCOMRAM 000000
__Hdata                             data         000000
__HdataBANK0                        dataBANK0    000000
__HdataCOMRAM                       dataCOMRAM   000000
__Heeprom_data                      eeprom_data  000000
__Hfarbss                           farbss       000000
__Hfardata                          fardata      000000
__Hibigdata                         ibigdata     000000
__Hidata                            idata        000000
__HidataBANK0                       idataBANK0   000000
__HidataCOMRAM                      idataCOMRAM  000000
__Hidloc                            idloc        200008
__Hifardata                         ifardata     000000
__Hinit                             init         000012
__Hintcode                          intcode      00000E
__Hintcode_body                     intcode_body 000000
__Hintcodelo                        intcodelo    00000E
__Hintentry                         intentry     000000
__Hintret                           intret       000000
__Hintsave_regs                     intsave_regs 000000
__Hirdata                           irdata       000000
__Hmediumconst                      mediumconst  000000
__HnvFARRAM                         nvFARRAM     000000
__Hnvbit                            nvbit        000000
__Hnvrram                           nvrram       000000
__Hparam                            rparam       000000
__Hpowerup                          powerup      00000E
__Hram                              ram          000000
__Hramtop                           ramtop       000800
__Hrbit                             rbit         000000
__Hrbss                             rbss         000000
__Hrdata                            rdata        000000
__Hreset_vec                        reset_vec    000004
__Hrparam                           rparam       000000
__Hsfr                              sfr          000000
__Hsmallconst                       smallconst   000806
__Hspace_0                          (abs)        30000E
__Hspace_1                          (abs)        000085
__Hspace_2                          (abs)        000000
__Hstack                            stack        000000
__Hstruct                           struct       000000
__Htemp                             temp         000052
__Htext                             text         000000
__Htext0                            text0        000000
__Htext1                            text1        000000
__Htext10                           text10       000000
__Htext11                           text11       000000
__Htext12                           text12       000000
__Htext13                           text13       000000
__Htext14                           text14       000000
__Htext15                           text15       000000
__Htext16                           text16       000000
__Htext17                           text17       000000
__Htext18                           text18       000000
__Htext19                           text19       000000
__Htext2                            text2        000000
__Htext20                           text20       000000
__Htext21                           text21       000000
__Htext22                           text22       000000
__Htext3                            text3        000000
__Htext4                            text4        000000
__Htext5                            text5        000000
__Htext6                            text6        000000
__Htext7                            text7        000000
__Htext8                            text8        000000
__Htext9                            text9        000000
__LRAM                              (abs)        000001
__Labs1                             abs1         000000
__Lbank0                            bank0        000000
__Lbank1                            bank1        000000
__Lbank2                            bank2        000000
__Lbank3                            bank3        000000
__Lbank4                            bank4        000000
__Lbank5                            bank5        000000
__Lbank6                            bank6        000000
__Lbank7                            bank7        000000
__Lbigbss                           bigbss       000000
__Lbigdata                          bigdata      000000
__Lbigram                           bigram       000000
__Lbss                              bss          000000
__LbssBANK0                         bssBANK0     000000
__LbssCOMRAM                        bssCOMRAM    000000
__Lcinit                            cinit        000000
__Lclrtext                          clrtext      000000
__Lcomram                           comram       000000
__Lconfig                           config       300000
__Lconst                            const        000000
__LcstackBANK0                      cstackBANK0  000000
__LcstackCOMRAM                     cstackCOMRAM 000000
__Ldata                             data         000000
__LdataBANK0                        dataBANK0    000000
__LdataCOMRAM                       dataCOMRAM   000000
__Leeprom_data                      eeprom_data  000000
__Lfarbss                           farbss       000000
__Lfardata                          fardata      000000
__Libigdata                         ibigdata     000000
__Lidata                            idata        000000
__LidataBANK0                       idataBANK0   000000
__LidataCOMRAM                      idataCOMRAM  000000
__Lidloc                            idloc        200000
__Lifardata                         ifardata     000000
__Linit                             init         00000E
__Lintcode                          intcode      000008
__Lintcode_body                     intcode_body 000000
__Lintcodelo                        intcodelo    00000E
__Lintentry                         intentry     000000
__Lintret                           intret       000000
__Lintsave_regs                     intsave_regs 000000
__Lirdata                           irdata       000000
__Lmediumconst                      mediumconst  000000
__LnvFARRAM                         nvFARRAM     000000
__Lnvbit                            nvbit        000000
__Lnvrram                           nvrram       000000
__Lparam                            rparam       000000
__Lpowerup                          powerup      00000E
__Lram                              ram          000000
__Lramtop                           ramtop       000800
__Lrbit                             rbit         000000
__Lrbss                             rbss         000000
__Lrdata                            rdata        000000
__Lreset_vec                        reset_vec    000000
__Lrparam                           rparam       000000
__Lsfr                              sfr          000000
__Lsmallconst                       smallconst   000800
__Lspace_0                          (abs)        000000
__Lspace_1                          (abs)        000000
__Lspace_2                          (abs)        000000
__Lstack                            stack        000000
__Lstruct                           struct       000000
__Ltemp                             temp         000051
__Ltext                             text         000000
__Ltext0                            text0        000000
__Ltext1                            text1        000000
__Ltext10                           text10       000000
__Ltext11                           text11       000000
__Ltext12                           text12       000000
__Ltext13                           text13       000000
__Ltext14                           text14       000000
__Ltext15                           text15       000000
__Ltext16                           text16       000000
__Ltext17                           text17       000000
__Ltext18                           text18       000000
__Ltext19                           text19       000000
__Ltext2                            text2        000000
__Ltext20                           text20       000000
__Ltext21                           text21       000000
__Ltext22                           text22       000000
__Ltext3                            text3        000000
__Ltext4                            text4        000000
__Ltext5                            text5        000000
__Ltext6                            text6        000000
__Ltext7                            text7        000000
__Ltext8                            text8        000000
__Ltext9                            text9        000000
__S0                                (abs)        30000E
__S1                                (abs)        000085
__S2                                (abs)        000000
___inthi_sp                         stack        000000
___intlo_sp                         stack        000000
___lldiv                            text19       000CB0
___lldiv@counter                    cstackCOMRAM 00001F
___lldiv@dividend                   cstackBANK0  000074
___lldiv@divisor                    cstackBANK0  000078
___lldiv@quotient                   cstackCOMRAM 00001B
___lmul                             text21       001122
___lmul@multiplicand                cstackCOMRAM 000013
___lmul@multiplier                  cstackCOMRAM 00000F
___lmul@product                     cstackCOMRAM 000017
___lwdiv                            text17       0011CA
___lwdiv@counter                    cstackCOMRAM 000015
___lwdiv@dividend                   cstackCOMRAM 00000F
___lwdiv@divisor                    cstackCOMRAM 000011
___lwdiv@quotient                   cstackCOMRAM 000013
___param_bank                       (abs)        000000
___rparam_used                      (abs)        000001
___sp                               stack        000000
__accesstop                         (abs)        000060
__activetblptr                      (abs)        000002
__end_of_ADCRead                    text22       0012E0
__end_of_Combustivel                text16       000A26
__end_of_ConfiguraLCD               text13       000DFE
__end_of_Delay                      text15       001358
__end_of_EEPROM_ReadByte            text3        00139E
__end_of_EEPROM_WriteByte           text2        001334
__end_of_EnderecoCursor             text9        001062
__end_of_EscreveCaractereLCD        text11       000F88
__end_of_EscreveComandoLCD          text14       000E8A
__end_of_EscreveFraseRamLCD         text10       0011CA
__end_of_Init_EEPROM                text12       0013AC
__end_of_PosicaoCursorLCD           text8        000FF8
__end_of_TensaoBateria              text20       0012A2
__end_of_ValorCombustivel           text18       000F16
__end_of___lldiv                    text19       000D60
__end_of___lmul                     text21       001178
__end_of___lwdiv                    text17       00121C
__end_of__initialization            cinit        0010BA
__end_of_display                    text7        001122
__end_of_initHw                     text6        001260
__end_of_initInterrupt              text5        00130E
__end_of_isr                        intcode_body 000BDC
__end_of_main                       text0        00137A
__end_of_odometroParcial            text4        000CB0
__end_of_odometroTotal              text1        000B02
__initialization                    cinit        001062
__mediumconst                       mediumconst  000000
__pbssBANK0                         bssBANK0     000060
__pbssCOMRAM                        bssCOMRAM    000020
__pcinit                            cinit        001062
__pcstackBANK0                      cstackBANK0  000074
__pcstackCOMRAM                     cstackCOMRAM 000001
__pdataBANK0                        dataBANK0    00007E
__pdataCOMRAM                       dataCOMRAM   00003C
__pidataBANK0                       idataBANK0   00139E
__pidataCOMRAM                      idataCOMRAM  00137A
__pintcode                          intcode      000008
__pintcode_body                     intcode_body 000B02
__psmallconst                       smallconst   000800
__ptext0                            text0        001358
__ptext1                            text1        000A26
__ptext10                           text10       001178
__ptext11                           text11       000F16
__ptext12                           text12       0013A6
__ptext13                           text13       000D60
__ptext14                           text14       000DFE
__ptext15                           text15       001334
__ptext16                           text16       000806
__ptext17                           text17       0011CA
__ptext18                           text18       000E8A
__ptext19                           text19       000CB0
__ptext2                            text2        00130E
__ptext20                           text20       001260
__ptext21                           text21       001122
__ptext22                           text22       0012A2
__ptext3                            text3        001390
__ptext4                            text4        000BDC
__ptext5                            text5        0012E0
__ptext6                            text6        00121C
__ptext7                            text7        0010C8
__ptext8                            text8        000F88
__ptext9                            text9        000FF8
__ramtop                            ramtop       000800
__size_of_ADCRead                   (abs)        000000
__size_of_Combustivel               (abs)        000000
__size_of_ConfiguraLCD              (abs)        000000
__size_of_Delay                     (abs)        000000
__size_of_EEPROM_ReadByte           (abs)        000000
__size_of_EEPROM_WriteByte          (abs)        000000
__size_of_EnderecoCursor            (abs)        000000
__size_of_EscreveCaractereLCD       (abs)        000000
__size_of_EscreveComandoLCD         (abs)        000000
__size_of_EscreveFraseRamLCD        (abs)        000000
__size_of_Init_EEPROM               (abs)        000000
__size_of_PosicaoCursorLCD          (abs)        000000
__size_of_TensaoBateria             (abs)        000000
__size_of_ValorCombustivel          (abs)        000000
__size_of___lldiv                   (abs)        000000
__size_of___lmul                    (abs)        000000
__size_of___lwdiv                   (abs)        000000
__size_of_display                   (abs)        000000
__size_of_initHw                    (abs)        000000
__size_of_initInterrupt             (abs)        000000
__size_of_isr                       (abs)        000000
__size_of_main                      (abs)        000000
__size_of_odometroParcial           (abs)        000000
__size_of_odometroTotal             (abs)        000000
__smallconst                        smallconst   000800
_atualizaOdoParcial                 bssCOMRAM    000024
_atualizaOdoTotal                   bssCOMRAM    000026
_bordaParcial                       bssCOMRAM    000028
_bordaTotal                         bssCOMRAM    00002A
_combArray                          bssBANK0     000060
_countLed                           bssCOMRAM    00002C
_display                            text7        0010C8
_initHw                             text6        00121C
_initInterrupt                      text5        0012E0
_isr                                intcode      000008
_main                               text0        001358
_numeroC                            bssCOMRAM    000034
_odoParcial                         dataCOMRAM   000043
_odoTotal                           dataBANK0    00007E
_odometroParcial                    text4        000BDC
_odometroTotal                      text1        000A26
_porcentagemTensao                  bssCOMRAM    000020
_primeiroFiltro                     bssCOMRAM    000035
_reserva                            bssCOMRAM    000036
_tempoCombustivel                   bssCOMRAM    00002E
_valorADC                           bssCOMRAM    000038
_valorADCMedia                      bssCOMRAM    000030
_valorTensao                        bssCOMRAM    000032
btemp                               temp         000051
end_of_initialization               cinit        0010BA
int$flags                           temp         000051
int_func                            intcode_body 000B02
intlevel0                           text         000000
intlevel1                           text         000000
intlevel2                           text         000000
intlevel3                           text         000000
odometroParcial@i                   bssCOMRAM    000037
odometroParcial@position            cstackCOMRAM 000015
odometroParcial@trava               cstackCOMRAM 000016
odometroTotal@odoTotal              dataCOMRAM   00004A
stackhi                             (abs)        0007FF
stacklo                             (abs)        000085
start                               init         00000E
start_initialization                cinit        001062


FUNCTION INFORMATION:

 *************** function _main *****************
 Defined at:
		line 51 in file "main.c"
 Parameters:    Size  Location     Type
		None
 Auto vars:     Size  Location     Type
		None
 Return value:  Size  Location     Type
                  1    wreg      void 
 Registers used:
		wreg, fsr0l, fsr0h, fsr2l, fsr2h, status,2, status,0, tblptrl, tblptrh, tblptru, prodl, prodh, cstack
 Tracked objects:
		On entry : 
		On exit  : 
		Unchanged: 
 Data sizes:     COMRAM   BANK0   BANK1   BANK2   BANK3   BANK4   BANK5   BANK6   BANK7
      Params:         0       0       0       0       0       0       0       0       0
      Locals:         0       0       0       0       0       0       0       0       0
      Temps:          0       0       0       0       0       0       0       0       0
      Totals:         0       0       0       0       0       0       0       0       0
Total ram usage:        0 bytes
 Hardware stack levels required when called:    5
 This function calls:
		_Combustivel
		_ConfiguraLCD
		_Init_EEPROM
		_display
		_initHw
		_initInterrupt
		_odometroParcial
		_odometroTotal
 This function is called by:
		Startup code after reset
 This function uses a non-reentrant model


 *************** function _odometroTotal *****************
 Defined at:
		line 17 in file "Odometro_Total_Parcial.c"
 Parameters:    Size  Location     Type
		None
 Auto vars:     Size  Location     Type
		None
 Return value:  Size  Location     Type
                  1    wreg      void 
 Registers used:
		wreg, fsr0l, fsr0h, status,2, status,0, tblptrl, tblptrh, tblptru, cstack
 Tracked objects:
		On entry : 
		On exit  : 
		Unchanged: 
 Data sizes:     COMRAM   BANK0   BANK1   BANK2   BANK3   BANK4   BANK5   BANK6   BANK7
      Params:         0       0       0       0       0       0       0       0       0
      Locals:         0       0       0       0       0       0       0       0       0
      Temps:          0       0       0       0       0       0       0       0       0
      Totals:         0       0       0       0       0       0       0       0       0
Total ram usage:        0 bytes
 Hardware stack levels used:    1
 Hardware stack levels required when called:    4
 This function calls:
		_EEPROM_ReadByte
		_EEPROM_WriteByte
		_EscreveFraseRamLCD
		_PosicaoCursorLCD
 This function is called by:
		_main
 This function uses a non-reentrant model


 *************** function _EEPROM_WriteByte *****************
 Defined at:
		line 17 in file "EEPROM.c"
 Parameters:    Size  Location     Type
  WriteMemoryA    1    wreg     unsigned char 
  WriteData       1   14[COMRAM] unsigned char 
 Auto vars:     Size  Location     Type
  WriteMemoryA    1   15[COMRAM] unsigned char 
 Return value:  Size  Location     Type
                  1    wreg      void 
 Registers used:
		wreg, status,2
 Tracked objects:
		On entry : 
		On exit  : 
		Unchanged: 
 Data sizes:     COMRAM   BANK0   BANK1   BANK2   BANK3   BANK4   BANK5   BANK6   BANK7
      Params:         1       0       0       0       0       0       0       0       0
      Locals:         1       0       0       0       0       0       0       0       0
      Temps:          0       0       0       0       0       0       0       0       0
      Totals:         2       0       0       0       0       0       0       0       0
Total ram usage:        2 bytes
 Hardware stack levels used:    1
 Hardware stack levels required when called:    1
 This function calls:
		Nothing
 This function is called by:
		_odometroTotal
 This function uses a non-reentrant model


 *************** function _EEPROM_ReadByte *****************
 Defined at:
		line 10 in file "EEPROM.c"
 Parameters:    Size  Location     Type
  MemoryAddres    1    wreg     unsigned char 
 Auto vars:     Size  Location     Type
  MemoryAddres    1   14[COMRAM] unsigned char 
 Return value:  Size  Location     Type
                  1    wreg      unsigned char 
 Registers used:
		wreg, status,2
 Tracked objects:
		On entry : 
		On exit  : 
		Unchanged: 
 Data sizes:     COMRAM   BANK0   BANK1   BANK2   BANK3   BANK4   BANK5   BANK6   BANK7
      Params:         0       0       0       0       0       0       0       0       0
      Locals:         1       0       0       0       0       0       0       0       0
      Temps:          0       0       0       0       0       0       0       0       0
      Totals:         1       0       0       0       0       0       0       0       0
Total ram usage:        1 bytes
 Hardware stack levels used:    1
 Hardware stack levels required when called:    1
 This function calls:
		Nothing
 This function is called by:
		_odometroTotal
 This function uses a non-reentrant model


 *************** function _odometroParcial *****************
 Defined at:
		line 85 in file "Odometro_Total_Parcial.c"
 Parameters:    Size  Location     Type
		None
 Auto vars:     Size  Location     Type
  trava           1   21[COMRAM] unsigned char 
  position        1   20[COMRAM] unsigned char 
 Return value:  Size  Location     Type
                  1    wreg      void 
 Registers used:
		wreg, fsr0l, fsr0h, fsr2l, fsr2h, status,2, status,0, tblptrl, tblptrh, tblptru, prodl, prodh, cstack
 Tracked objects:
		On entry : 
		On exit  : 
		Unchanged: 
 Data sizes:     COMRAM   BANK0   BANK1   BANK2   BANK3   BANK4   BANK5   BANK6   BANK7
      Params:         0       0       0       0       0       0       0       0       0
      Locals:         2       0       0       0       0       0       0       0       0
      Temps:          0       0       0       0       0       0       0       0       0
      Totals:         2       0       0       0       0       0       0       0       0
Total ram usage:        2 bytes
 Hardware stack levels used:    1
 Hardware stack levels required when called:    4
 This function calls:
		_EscreveFraseRamLCD
		_PosicaoCursorLCD
 This function is called by:
		_main
 This function uses a non-reentrant model


 *************** function _initInterrupt *****************
 Defined at:
		line 67 in file "main.c"
 Parameters:    Size  Location     Type
		None
 Auto vars:     Size  Location     Type
		None
 Return value:  Size  Location     Type
                  1    wreg      void 
 Registers used:
		wreg, status,2
 Tracked objects:
		On entry : 
		On exit  : 
		Unchanged: 
 Data sizes:     COMRAM   BANK0   BANK1   BANK2   BANK3   BANK4   BANK5   BANK6   BANK7
      Params:         0       0       0       0       0       0       0       0       0
      Locals:         0       0       0       0       0       0       0       0       0
      Temps:          0       0       0       0       0       0       0       0       0
      Totals:         0       0       0       0       0       0       0       0       0
Total ram usage:        0 bytes
 Hardware stack levels used:    1
 Hardware stack levels required when called:    1
 This function calls:
		Nothing
 This function is called by:
		_main
 This function uses a non-reentrant model


 *************** function _initHw *****************
 Defined at:
		line 80 in file "main.c"
 Parameters:    Size  Location     Type
		None
 Auto vars:     Size  Location     Type
		None
 Return value:  Size  Location     Type
                  1    wreg      void 
 Registers used:
		wreg, status,2
 Tracked objects:
		On entry : 
		On exit  : 
		Unchanged: 
 Data sizes:     COMRAM   BANK0   BANK1   BANK2   BANK3   BANK4   BANK5   BANK6   BANK7
      Params:         0       0       0       0       0       0       0       0       0
      Locals:         0       0       0       0       0       0       0       0       0
      Temps:          0       0       0       0       0       0       0       0       0
      Totals:         0       0       0       0       0       0       0       0       0
Total ram usage:        0 bytes
 Hardware stack levels used:    1
 Hardware stack levels required when called:    1
 This function calls:
		Nothing
 This function is called by:
		_main
 This function uses a non-reentrant model


 *************** function _display *****************
 Defined at:
		line 108 in file "main.c"
 Parameters:    Size  Location     Type
		None
 Auto vars:     Size  Location     Type
		None
 Return value:  Size  Location     Type
                  1    wreg      void 
 Registers used:
		wreg, fsr0l, fsr0h, status,2, status,0, tblptrl, tblptrh, tblptru, cstack
 Tracked objects:
		On entry : 
		On exit  : 
		Unchanged: 
 Data sizes:     COMRAM   BANK0   BANK1   BANK2   BANK3   BANK4   BANK5   BANK6   BANK7
      Params:         0       0       0       0       0       0       0       0       0
      Locals:         0       0       0       0       0       0       0       0       0
      Temps:          0       0       0       0       0       0       0       0       0
      Totals:         0       0       0       0       0       0       0       0       0
Total ram usage:        0 bytes
 Hardware stack levels used:    1
 Hardware stack levels required when called:    4
 This function calls:
		_EscreveFraseRamLCD
		_PosicaoCursorLCD
 This function is called by:
		_main
 This function uses a non-reentrant model


 *************** function _PosicaoCursorLCD *****************
 Defined at:
		line 287 in file "displayLCD.c"
 Parameters:    Size  Location     Type
  linha           1    wreg     unsigned char 
  coluna          1   17[COMRAM] unsigned char 
 Auto vars:     Size  Location     Type
  linha           1   18[COMRAM] unsigned char 
  EnderecoLCD     1   19[COMRAM] unsigned char 
 Return value:  Size  Location     Type
                  1    wreg      void 
 Registers used:
		wreg, status,2, status,0, cstack
 Tracked objects:
		On entry : 
		On exit  : 
		Unchanged: 
 Data sizes:     COMRAM   BANK0   BANK1   BANK2   BANK3   BANK4   BANK5   BANK6   BANK7
      Params:         1       0       0       0       0       0       0       0       0
      Locals:         2       0       0       0       0       0       0       0       0
      Temps:          0       0       0       0       0       0       0       0       0
      Totals:         3       0       0       0       0       0       0       0       0
Total ram usage:        3 bytes
 Hardware stack levels used:    1
 Hardware stack levels required when called:    3
 This function calls:
		_EnderecoCursor
 This function is called by:
		_odometroTotal
		_odometroParcial
		_display
 This function uses a non-reentrant model


 *************** function _EnderecoCursor *****************
 Defined at:
		line 236 in file "displayLCD.c"
 Parameters:    Size  Location     Type
  endereco        1    wreg     unsigned char 
 Auto vars:     Size  Location     Type
  endereco        1   16[COMRAM] unsigned char 
 Return value:  Size  Location     Type
                  1    wreg      void 
 Registers used:
		wreg, status,2, status,0, cstack
 Tracked objects:
		On entry : 
		On exit  : 
		Unchanged: 
 Data sizes:     COMRAM   BANK0   BANK1   BANK2   BANK3   BANK4   BANK5   BANK6   BANK7
      Params:         0       0       0       0       0       0       0       0       0
      Locals:         1       0       0       0       0       0       0       0       0
      Temps:          0       0       0       0       0       0       0       0       0
      Totals:         1       0       0       0       0       0       0       0       0
Total ram usage:        1 bytes
 Hardware stack levels used:    1
 Hardware stack levels required when called:    2
 This function calls:
		_Delay
 This function is called by:
		_PosicaoCursorLCD
		_CriaCaractereLCD
 This function uses a non-reentrant model


 *************** function _EscreveFraseRamLCD *****************
 Defined at:
		line 470 in file "displayLCD.c"
 Parameters:    Size  Location     Type
  buffer          2   17[COMRAM] PTR unsigned char 
		 -> STR_2(3), STR_1(3), odoTotal(7), odoParcial(7), 
		 -> odometroTotal@odoTotal(7), EscreveInteiroLCD@texto(7), 
 Auto vars:     Size  Location     Type
		None
 Return value:  Size  Location     Type
                  1    wreg      void 
 Registers used:
		wreg, fsr0l, fsr0h, status,2, status,0, tblptrl, tblptrh, tblptru, cstack
 Tracked objects:
		On entry : 
		On exit  : 
		Unchanged: 
 Data sizes:     COMRAM   BANK0   BANK1   BANK2   BANK3   BANK4   BANK5   BANK6   BANK7
      Params:         2       0       0       0       0       0       0       0       0
      Locals:         0       0       0       0       0       0       0       0       0
      Temps:          0       0       0       0       0       0       0       0       0
      Totals:         2       0       0       0       0       0       0       0       0
Total ram usage:        2 bytes
 Hardware stack levels used:    1
 Hardware stack levels required when called:    3
 This function calls:
		_EscreveCaractereLCD
 This function is called by:
		_odometroTotal
		_odometroParcial
		_display
		_EscreveInteiroLCD
 This function uses a non-reentrant model


 *************** function _EscreveCaractereLCD *****************
 Defined at:
		line 348 in file "displayLCD.c"
 Parameters:    Size  Location     Type
  data            1    wreg     unsigned char 
 Auto vars:     Size  Location     Type
  data            1   16[COMRAM] unsigned char 
 Return value:  Size  Location     Type
                  1    wreg      void 
 Registers used:
		wreg, status,2, status,0, cstack
 Tracked objects:
		On entry : 
		On exit  : 
		Unchanged: 
 Data sizes:     COMRAM   BANK0   BANK1   BANK2   BANK3   BANK4   BANK5   BANK6   BANK7
      Params:         0       0       0       0       0       0       0       0       0
      Locals:         1       0       0       0       0       0       0       0       0
      Temps:          0       0       0       0       0       0       0       0       0
      Totals:         1       0       0       0       0       0       0       0       0
Total ram usage:        1 bytes
 Hardware stack levels used:    1
 Hardware stack levels required when called:    2
 This function calls:
		_Delay
 This function is called by:
		_EscreveFraseRamLCD
		_EscreveFloatLCD
		_EscreveFraseLCD
		_CriaCaractereLCD
 This function uses a non-reentrant model


 *************** function _Init_EEPROM *****************
 Defined at:
		line 5 in file "EEPROM.c"
 Parameters:    Size  Location     Type
		None
 Auto vars:     Size  Location     Type
		None
 Return value:  Size  Location     Type
                  1    wreg      void 
 Registers used:
		wreg, status,2
 Tracked objects:
		On entry : 
		On exit  : 
		Unchanged: 
 Data sizes:     COMRAM   BANK0   BANK1   BANK2   BANK3   BANK4   BANK5   BANK6   BANK7
      Params:         0       0       0       0       0       0       0       0       0
      Locals:         0       0       0       0       0       0       0       0       0
      Temps:          0       0       0       0       0       0       0       0       0
      Totals:         0       0       0       0       0       0       0       0       0
Total ram usage:        0 bytes
 Hardware stack levels used:    1
 Hardware stack levels required when called:    1
 This function calls:
		Nothing
 This function is called by:
		_main
 This function uses a non-reentrant model


 *************** function _ConfiguraLCD *****************
 Defined at:
		line 87 in file "displayLCD.c"
 Parameters:    Size  Location     Type
		None
 Auto vars:     Size  Location     Type
		None
 Return value:  Size  Location     Type
                  1    wreg      void 
 Registers used:
		wreg, status,2, status,0, cstack
 Tracked objects:
		On entry : 
		On exit  : 
		Unchanged: 
 Data sizes:     COMRAM   BANK0   BANK1   BANK2   BANK3   BANK4   BANK5   BANK6   BANK7
      Params:         0       0       0       0       0       0       0       0       0
      Locals:         0       0       0       0       0       0       0       0       0
      Temps:          1       0       0       0       0       0       0       0       0
      Totals:         1       0       0       0       0       0       0       0       0
Total ram usage:        1 bytes
 Hardware stack levels used:    1
 Hardware stack levels required when called:    3
 This function calls:
		_Delay
		_EscreveComandoLCD
 This function is called by:
		_main
 This function uses a non-reentrant model


 *************** function _EscreveComandoLCD *****************
 Defined at:
		line 179 in file "displayLCD.c"
 Parameters:    Size  Location     Type
  cmd             1    wreg     unsigned char 
 Auto vars:     Size  Location     Type
  cmd             1   16[COMRAM] unsigned char 
 Return value:  Size  Location     Type
                  1    wreg      void 
 Registers used:
		wreg, status,2, status,0, cstack
 Tracked objects:
		On entry : 
		On exit  : 
		Unchanged: 
 Data sizes:     COMRAM   BANK0   BANK1   BANK2   BANK3   BANK4   BANK5   BANK6   BANK7
      Params:         0       0       0       0       0       0       0       0       0
      Locals:         1       0       0       0       0       0       0       0       0
      Temps:          0       0       0       0       0       0       0       0       0
      Totals:         1       0       0       0       0       0       0       0       0
Total ram usage:        1 bytes
 Hardware stack levels used:    1
 Hardware stack levels required when called:    2
 This function calls:
		_Delay
 This function is called by:
		_ConfiguraLCD
		_CriaCaractereLCD
 This function uses a non-reentrant model


 *************** function _Delay *****************
 Defined at:
		line 61 in file "displayLCD.c"
 Parameters:    Size  Location     Type
		None
 Auto vars:     Size  Location     Type
  Cnt2            1   15[COMRAM] unsigned char 
  Cnt1            1   14[COMRAM] unsigned char 
 Return value:  Size  Location     Type
                  1    wreg      void 
 Registers used:
		wreg, status,2, status,0
 Tracked objects:
		On entry : 
		On exit  : 
		Unchanged: 
 Data sizes:     COMRAM   BANK0   BANK1   BANK2   BANK3   BANK4   BANK5   BANK6   BANK7
      Params:         0       0       0       0       0       0       0       0       0
      Locals:         2       0       0       0       0       0       0       0       0
      Temps:          0       0       0       0       0       0       0       0       0
      Totals:         2       0       0       0       0       0       0       0       0
Total ram usage:        2 bytes
 Hardware stack levels used:    1
 Hardware stack levels required when called:    1
 This function calls:
		Nothing
 This function is called by:
		_ConfiguraLCD
		_EscreveComandoLCD
		_EnderecoCursor
		_EscreveCaractereLCD
 This function uses a non-reentrant model


 *************** function _Combustivel *****************
 Defined at:
		line 15 in file "Fuel_Gauge.c"
 Parameters:    Size  Location     Type
		None
 Auto vars:     Size  Location     Type
		None
 Return value:  Size  Location     Type
                  1    wreg      void 
 Registers used:
		wreg, fsr2l, fsr2h, status,2, status,0, prodl, prodh, cstack
 Tracked objects:
		On entry : 
		On exit  : 
		Unchanged: 
 Data sizes:     COMRAM   BANK0   BANK1   BANK2   BANK3   BANK4   BANK5   BANK6   BANK7
      Params:         0       0       0       0       0       0       0       0       0
      Locals:         0       0       0       0       0       0       0       0       0
      Temps:          0       2       0       0       0       0       0       0       0
      Totals:         0       2       0       0       0       0       0       0       0
Total ram usage:        2 bytes
 Hardware stack levels used:    1
 Hardware stack levels required when called:    3
 This function calls:
		_TensaoBateria
		_ValorCombustivel
		___lwdiv
 This function is called by:
		_main
 This function uses a non-reentrant model


 *************** function ___lwdiv *****************
 Defined at:
		line 8 in file "C:\Program Files (x86)\Microchip\xc8\v1.40\sources\common\lwdiv.c"
 Parameters:    Size  Location     Type
  dividend        2   14[COMRAM] unsigned int 
  divisor         2   16[COMRAM] unsigned int 
 Auto vars:     Size  Location     Type
  quotient        2   18[COMRAM] unsigned int 
  counter         1   20[COMRAM] unsigned char 
 Return value:  Size  Location     Type
                  2   14[COMRAM] unsigned int 
 Registers used:
		wreg, status,2, status,0
 Tracked objects:
		On entry : 
		On exit  : 
		Unchanged: 
 Data sizes:     COMRAM   BANK0   BANK1   BANK2   BANK3   BANK4   BANK5   BANK6   BANK7
      Params:         4       0       0       0       0       0       0       0       0
      Locals:         3       0       0       0       0       0       0       0       0
      Temps:          0       0       0       0       0       0       0       0       0
      Totals:         7       0       0       0       0       0       0       0       0
Total ram usage:        7 bytes
 Hardware stack levels used:    1
 Hardware stack levels required when called:    1
 This function calls:
		Nothing
 This function is called by:
		_Combustivel
 This function uses a non-reentrant model


 *************** function _ValorCombustivel *****************
 Defined at:
		line 85 in file "Fuel_Gauge.c"
 Parameters:    Size  Location     Type
		None
 Auto vars:     Size  Location     Type
		None
 Return value:  Size  Location     Type
                  1    wreg      void 
 Registers used:
		wreg, fsr2l, fsr2h, status,2, status,0, prodl, prodh, cstack
 Tracked objects:
		On entry : 
		On exit  : 
		Unchanged: 
 Data sizes:     COMRAM   BANK0   BANK1   BANK2   BANK3   BANK4   BANK5   BANK6   BANK7
      Params:         0       0       0       0       0       0       0       0       0
      Locals:         0       0       0       0       0       0       0       0       0
      Temps:          0       0       0       0       0       0       0       0       0
      Totals:         0       0       0       0       0       0       0       0       0
Total ram usage:        0 bytes
 Hardware stack levels used:    1
 Hardware stack levels required when called:    2
 This function calls:
		_ADCRead
		___lldiv
		___lmul
 This function is called by:
		_Combustivel
 This function uses a non-reentrant model


 *************** function ___lldiv *****************
 Defined at:
		line 8 in file "C:\Program Files (x86)\Microchip\xc8\v1.40\sources\common\lldiv.c"
 Parameters:    Size  Location     Type
  dividend        4    0[BANK0 ] unsigned long 
  divisor         4    4[BANK0 ] unsigned long 
 Auto vars:     Size  Location     Type
  quotient        4   26[COMRAM] unsigned long 
  counter         1   30[COMRAM] unsigned char 
 Return value:  Size  Location     Type
                  4    0[BANK0 ] unsigned long 
 Registers used:
		wreg, status,2, status,0
 Tracked objects:
		On entry : 
		On exit  : 
		Unchanged: 
 Data sizes:     COMRAM   BANK0   BANK1   BANK2   BANK3   BANK4   BANK5   BANK6   BANK7
      Params:         0       8       0       0       0       0       0       0       0
      Locals:         5       0       0       0       0       0       0       0       0
      Temps:          0       0       0       0       0       0       0       0       0
      Totals:         5       8       0       0       0       0       0       0       0
Total ram usage:       13 bytes
 Hardware stack levels used:    1
 Hardware stack levels required when called:    1
 This function calls:
		Nothing
 This function is called by:
		_ValorCombustivel
 This function uses a non-reentrant model


 *************** function _TensaoBateria *****************
 Defined at:
		line 77 in file "Fuel_Gauge.c"
 Parameters:    Size  Location     Type
		None
 Auto vars:     Size  Location     Type
		None
 Return value:  Size  Location     Type
                  1    wreg      void 
 Registers used:
		wreg, status,2, status,0, cstack
 Tracked objects:
		On entry : 
		On exit  : 
		Unchanged: 
 Data sizes:     COMRAM   BANK0   BANK1   BANK2   BANK3   BANK4   BANK5   BANK6   BANK7
      Params:         0       0       0       0       0       0       0       0       0
      Locals:         0       0       0       0       0       0       0       0       0
      Temps:          0       0       0       0       0       0       0       0       0
      Totals:         0       0       0       0       0       0       0       0       0
Total ram usage:        0 bytes
 Hardware stack levels used:    1
 Hardware stack levels required when called:    2
 This function calls:
		_ADCRead
		___lmul
 This function is called by:
		_Combustivel
 This function uses a non-reentrant model


 *************** function ___lmul *****************
 Defined at:
		line 15 in file "C:\Program Files (x86)\Microchip\xc8\v1.40\sources\common\Umul32.c"
 Parameters:    Size  Location     Type
  multiplier      4   14[COMRAM] unsigned long 
  multiplicand    4   18[COMRAM] unsigned long 
 Auto vars:     Size  Location     Type
  product         4   22[COMRAM] unsigned long 
 Return value:  Size  Location     Type
                  4   14[COMRAM] unsigned long 
 Registers used:
		wreg, status,2, status,0
 Tracked objects:
		On entry : 
		On exit  : 
		Unchanged: 
 Data sizes:     COMRAM   BANK0   BANK1   BANK2   BANK3   BANK4   BANK5   BANK6   BANK7
      Params:         8       0       0       0       0       0       0       0       0
      Locals:         4       0       0       0       0       0       0       0       0
      Temps:          0       0       0       0       0       0       0       0       0
      Totals:        12       0       0       0       0       0       0       0       0
Total ram usage:       12 bytes
 Hardware stack levels used:    1
 Hardware stack levels required when called:    1
 This function calls:
		Nothing
 This function is called by:
		_TensaoBateria
		_ValorCombustivel
 This function uses a non-reentrant model


 *************** function _ADCRead *****************
 Defined at:
		line 15 in file "ADC.c"
 Parameters:    Size  Location     Type
		None
 Auto vars:     Size  Location     Type
		None
 Return value:  Size  Location     Type
                  1    wreg      void 
 Registers used:
		wreg, status,2, status,0
 Tracked objects:
		On entry : 
		On exit  : 
		Unchanged: 
 Data sizes:     COMRAM   BANK0   BANK1   BANK2   BANK3   BANK4   BANK5   BANK6   BANK7
      Params:         0       0       0       0       0       0       0       0       0
      Locals:         0       0       0       0       0       0       0       0       0
      Temps:          2       0       0       0       0       0       0       0       0
      Totals:         2       0       0       0       0       0       0       0       0
Total ram usage:        2 bytes
 Hardware stack levels used:    1
 Hardware stack levels required when called:    1
 This function calls:
		Nothing
 This function is called by:
		_TensaoBateria
		_ValorCombustivel
 This function uses a non-reentrant model


 *************** function _isr *****************
 Defined at:
		line 21 in file "main.c"
 Parameters:    Size  Location     Type
		None
 Auto vars:     Size  Location     Type
		None
 Return value:  Size  Location     Type
                  1    wreg      void 
 Registers used:
		wreg, status,2, status,0
 Tracked objects:
		On entry : 
		On exit  : 
		Unchanged: 
 Data sizes:     COMRAM   BANK0   BANK1   BANK2   BANK3   BANK4   BANK5   BANK6   BANK7
      Params:         0       0       0       0       0       0       0       0       0
      Locals:         0       0       0       0       0       0       0       0       0
      Temps:         14       0       0       0       0       0       0       0       0
      Totals:        14       0       0       0       0       0       0       0       0
Total ram usage:       14 bytes
 Hardware stack levels used:    1
 This function calls:
		Nothing
 This function is called by:
		Interrupt level 2
 This function uses a non-reentrant model



MODULE INFORMATION

Module		Function		Class		Link	Load	Size
Odometro_Total_Parcial.c
		_odometroTotal 		CODE           	0A26	0000	221
		_odometroParcial		CODE           	0BDC	0000	213

Odometro_Total_Parcial.c estimated size: 434

Fuel_Gauge.c
		_TensaoBateria 		CODE           	1260	0000	67
		_ValorCombustivel		CODE           	0E8A	0000	141
		_Combustivel   		CODE           	0806	0000	545

Fuel_Gauge.c estimated size: 753

EEPROM.c
		_Init_EEPROM   		CODE           	13A6	0000	7
		_EEPROM_WriteByte		CODE           	130E	0000	39
		_EEPROM_ReadByte		CODE           	1390	0000	15

EEPROM.c estimated size: 61

shared
		__initialization		CODE           	1062	0000	89

shared estimated size: 89

ADC.c
		_ADCRead       		CODE           	12A2	0000	63

ADC.c estimated size: 63

C:\Program Files (x86)\Microchip\xc8\v1.40\sources\common\Umul32.c
		___lmul        		CODE           	1122	0000	87

C:\Program Files (x86)\Microchip\xc8\v1.40\sources\common\Umul32.c estimated size: 87

displayLCD.c
		_EscreveCaractereLCD		CODE           	0F16	0000	115
		_EscreveComandoLCD		CODE           	0DFE	0000	141
		_ConfiguraLCD  		CODE           	0D60	0000	159
		_Delay         		CODE           	1334	0000	37
		_PosicaoCursorLCD		CODE           	0F88	0000	113
		_EnderecoCursor		CODE           	0FF8	0000	107
		_EscreveFraseRamLCD		CODE           	1178	0000	83

displayLCD.c estimated size: 755

C:\Program Files (x86)\Microchip\xc8\v1.40\sources\common\lwdiv.c
		___lwdiv       		CODE           	11CA	0000	83

C:\Program Files (x86)\Microchip\xc8\v1.40\sources\common\lwdiv.c estimated size: 83

main.c
		_display       		CODE           	10C8	0000	91
		_main          		CODE           	1358	0000	35
		_initHw        		CODE           	121C	0000	69
		_initInterrupt 		CODE           	12E0	0000	47
		_isr           		CODE           	0008	0000	225

main.c estimated size: 467

C:\Program Files (x86)\Microchip\xc8\v1.40\sources\common\lldiv.c
		___lldiv       		CODE           	0CB0	0000	177

C:\Program Files (x86)\Microchip\xc8\v1.40\sources\common\lldiv.c estimated size: 177

