Microchip MPLAB XC8 Compiler V1.40 ()

Linker command line:

-W-3 --edf=C:\Program Files (x86)\Microchip\xc8\v1.40\dat\en_msgs.txt -cs \
  -h+dist/default/production\Projeto_Odometro.production.sym \
  --cmf=dist/default/production\Projeto_Odometro.production.cmf -z \
  -Q18F4550 -oC:\Users\ferna\AppData\Local\Temp\sbho.2 \
  -Mdist/default/production/Projeto_Odometro.production.map -E1 -ver=XC8 \
  -ASTACK=060h-07ffh -pstack=STACK -ACODE=00h-07FFFh -ACONST=00h-07FFFh \
  -ASMALLCONST=0800h-08FFhx120 -AMEDIUMCONST=0800h-07FFFh -ACOMRAM=01h-05Fh \
  -AABS1=00h-07FFh -ABIGRAM=01h-07FFh -ARAM=060h-0FFh,0100h-01FFhx7 \
  -ABANK0=060h-0FFh -ABANK1=0100h-01FFh -ABANK2=0200h-02FFh \
  -ABANK3=0300h-03FFh -ABANK4=0400h-04FFh -ABANK5=0500h-05FFh \
  -ABANK6=0600h-06FFh -ABANK7=0700h-07FFh -ASFR=0F60h-0FFFh \
  -preset_vec=00h,intcode=08h,intcodelo,powerup,init -pramtop=0800h \
  -psmallconst=SMALLCONST -pmediumconst=MEDIUMCONST -pconst=CONST \
  -AFARRAM=00h-00h -ACONFIG=0300000h-030000Dh -pconfig=CONFIG \
  -AIDLOC=0200000h-0200007h -pidloc=IDLOC -AEEDATA=0F00000h-0F000FFh \
  -peeprom_data=EEDATA \
  -prdata=COMRAM,nvrram=COMRAM,nvbit=COMRAM,rbss=COMRAM,rbit=COMRAM \
  -pfarbss=FARRAM,fardata=FARRAM,nvFARRAM=FARRAM \
  -pintsave_regs=BIGRAM,bigbss=BIGRAM,bigdata=BIGRAM -pbss=RAM \
  -pidata=CODE,irdata=CODE,ibigdata=CODE,ifardata=CODE -prparam=COMRAM \
  C:\Users\ferna\AppData\Local\Temp\sbho.obj \
  dist/default/production\Projeto_Odometro.production.obj 

Object code version is 3.11

Machine type is 18F4550

Call graph: (short form)




                Name                               Link     Load   Length Selector   Space Scale
C:\Users\ferna\AppData\Local\Temp\sbho.obj
                init                                  E        E        4        4       0
                reset_vec                             0        0        4        0       0
                idloc                            200000   200000        8   200000       0
                config                           300000   300000        E   300000       0
dist/default/production\Projeto_Odometro.production.obj
                intcode                               8        8        6        4       0
                temp                                 35       35        1        1       1
                smallconst                          800      800        6      400       0
                intcode_body                        8C8      8C8       C0      403       0
                text13                              DBC      DBC       24      403       0
                text12                              A26      A26       8C      403       0
                text11                              988      988       9E      403       0
                text10                              E14      E14        6      70A       0
                text9                               AB2      AB2       72      403       0
                text8                               CBE      CBE       52      403       0
                text7                               B94      B94       6A      403       0
                text6                               B24      B24       70      403       0
                text5                               C64      C64       5A      403       0
                text4                               D10      D10       44      403       0
                text3                               D8E      D8E       2E      403       0
                text2                               806      806       C2      403       0
                text1                               BFE      BFE       66      403       0
                text0                               DE0      DE0       1E      403       0
                cstackCOMRAM                          1        1       16        1       1
                dataCOMRAM                           17       17       15        1       1
                bssCOMRAM                            2C       2C        9        1       1
                cinit                               D54      D54       3A      403       0
                idataCOMRAM                         DFE      DFE       15      403       0

TOTAL           Name                               Link     Load   Length     Space
        CLASS   STACK          

        CLASS   CODE           
                intcode                               8        8        6         0
                init                                  E        E        4         0
                reset_vec                             0        0        4         0
                intcode_body                        8C8      8C8       C0         0
                text13                              DBC      DBC       24         0
                text12                              A26      A26       8C         0
                text11                              988      988       9E         0
                text10                              E14      E14        6         0
                text9                               AB2      AB2       72         0
                text8                               CBE      CBE       52         0
                text7                               B94      B94       6A         0
                text6                               B24      B24       70         0
                text5                               C64      C64       5A         0
                text4                               D10      D10       44         0
                text3                               D8E      D8E       2E         0
                text2                               806      806       C2         0
                text1                               BFE      BFE       66         0
                text0                               DE0      DE0       1E         0
                cinit                               D54      D54       3A         0
                idataCOMRAM                         DFE      DFE       15         0

        CLASS   CONST          

        CLASS   SMALLCONST     
                smallconst                          800      800        6         0

        CLASS   MEDIUMCONST    

        CLASS   COMRAM         
                temp                                 35       35        1         1
                cstackCOMRAM                          1        1       16         1
                dataCOMRAM                           17       17       15         1
                bssCOMRAM                            2C       2C        9         1

        CLASS   ABS1           

        CLASS   BIGRAM         

        CLASS   RAM            

        CLASS   BANK0          

        CLASS   BANK1          

        CLASS   BANK2          

        CLASS   BANK3          

        CLASS   BANK4          

        CLASS   BANK5          

        CLASS   BANK6          

        CLASS   BANK7          

        CLASS   SFR            

        CLASS   FARRAM         

        CLASS   CONFIG         
                config                           300000   300000        E         0

        CLASS   IDLOC          
                idloc                            200000   200000        8         0

        CLASS   EEDATA         



SEGMENTS        Name                           Load    Length   Top    Selector   Space  Class

                reset_vec                      000000  000004  000004         0       0  CODE    
                cstackCOMRAM                   000001  000035  000036         1       1  COMRAM  
                intcode                        000008  00000A  000012         4       0  CODE    
                smallconst                     000800  000006  000806       400       0  SMALLCON
                text2                          000806  00060D  000E13       403       0  CODE    
                text10                         000E14  000006  000E1A       70A       0  CODE    
                idloc                          200000  000008  200008    200000       0  IDLOC   
                config                         300000  00000E  30000E    300000       0  CONFIG  


UNUSED ADDRESS RANGES

        Name                Unused          Largest block    Delta
        BANK0            000060-0000FF               A0
        BANK1            000100-0001FF              100
        BANK2            000200-0002FF              100
        BANK3            000300-0003FF              100
        BANK4            000400-0004FF              100
        BANK5            000500-0005FF              100
        BANK6            000600-0006FF              100
        BANK7            000700-0007FF              100
        BIGRAM           000036-0007FF              7CA
        CODE             000004-000007                4
                         000012-0007FF              7EE
                         000E13-000E13                1
                         000E1A-007FFF             71E6
        COMRAM           000036-00005F               2A
        CONST            000004-000007                4
                         000012-0007FF              7EE
                         000E13-000E13                1
                         000E1A-007FFF             71E6
        EEDATA           F00000-F000FF              100
        MEDIUMCONST      000E13-000E13                1
                         000E1A-007FFF             71E6
        RAM              000060-0007FF              100
        SFR              000F60-000FFF               A0
        SMALLCONST       000E13-000E13                1
                         000E1A-007FFF              100
        STACK            000060-0007FF              7A0

                                  Symbol Table

Delay@Cnt1                    cstackCOMRAM 00000F
Delay@Cnt2                    cstackCOMRAM 000010
EnderecoCursor@endereco       cstackCOMRAM 000011
EscreveCaractereLCD@data      cstackCOMRAM 000011
EscreveComandoLCD@cmd         cstackCOMRAM 000011
EscreveFraseRamLCD@buffer     cstackCOMRAM 000012
EscreveInteiroLCD@F3948       dataCOMRAM   000017
PosicaoCursorLCD@EnderecoLCD  cstackCOMRAM 000014
PosicaoCursorLCD@coluna       cstackCOMRAM 000012
PosicaoCursorLCD@linha        cstackCOMRAM 000013
_ADCON0                       (abs)        000FC2
_ADCON1                       (abs)        000FC1
_ADCON2                       (abs)        000FC0
_CCP1CON                      (abs)        000FBD
_ConfiguraLCD                 text11       000988
_Delay                        text13       000DBC
_EEADR                        (abs)        000FA9
_EECON1                       (abs)        000FA6
_EECON1bits                   (abs)        000FA6
_EECON2                       (abs)        000FA7
_EEDATA                       (abs)        000FA8
_EnderecoCursor               text7        000B94
_EscreveCaractereLCD          text9        000AB2
_EscreveComandoLCD            text12       000A26
_EscreveFraseRamLCD           text8        000CBE
_INTCON                       (abs)        000FF2
_INTCON2                      (abs)        000FF1
_INTCON3                      (abs)        000FF0
_INTCONbits                   (abs)        000FF2
_IPR1                         (abs)        000F9F
_IPR2                         (abs)        000FA2
_Init_EEPROM                  text10       000E14
_LATA                         (abs)        000F89
_LATB                         (abs)        000F8A
_LATD                         (abs)        000F8C
_PIE1                         (abs)        000F9D
_PIE1bits                     (abs)        000F9D
_PIE2                         (abs)        000FA0
_PIR1                         (abs)        000F9E
_PIR1bits                     (abs)        000F9E
_PIR2                         (abs)        000FA1
_PORTDbits                    (abs)        000F83
_PORTEbits                    (abs)        000F84
_PosicaoCursorLCD             text6        000B24
_RCON                         (abs)        000FD0
_T0CON                        (abs)        000FD5
_T1CON                        (abs)        000FCD
_T3CONbits                    (abs)        000FB1
_TRISA                        (abs)        000F92
_TRISB                        (abs)        000F93
_TRISC                        (abs)        000F94
_TRISCbits                    (abs)        000F94
_TRISD                        (abs)        000F95
_TRISDbits                    (abs)        000F95
_TRISE                        (abs)        000F96
__HRAM                        (abs)        000000
__Habs1                       abs1         000000
__Hbank0                      bank0        000000
__Hbank1                      bank1        000000
__Hbank2                      bank2        000000
__Hbank3                      bank3        000000
__Hbank4                      bank4        000000
__Hbank5                      bank5        000000
__Hbank6                      bank6        000000
__Hbank7                      bank7        000000
__Hbigbss                     bigbss       000000
__Hbigdata                    bigdata      000000
__Hbigram                     bigram       000000
__Hbss                        bss          000000
__HbssCOMRAM                  bssCOMRAM    000000
__Hcinit                      cinit        000000
__Hclrtext                    clrtext      000000
__Hcomram                     comram       000000
__Hconfig                     config       30000E
__Hconst                      const        000000
__HcstackCOMRAM               cstackCOMRAM 000000
__Hdata                       data         000000
__HdataCOMRAM                 dataCOMRAM   000000
__Heeprom_data                eeprom_data  000000
__Hfarbss                     farbss       000000
__Hfardata                    fardata      000000
__Hibigdata                   ibigdata     000000
__Hidata                      idata        000000
__HidataCOMRAM                idataCOMRAM  000000
__Hidloc                      idloc        200008
__Hifardata                   ifardata     000000
__Hinit                       init         000012
__Hintcode                    intcode      00000E
__Hintcode_body               intcode_body 000000
__Hintcodelo                  intcodelo    00000E
__Hintentry                   intentry     000000
__Hintret                     intret       000000
__Hintsave_regs               intsave_regs 000000
__Hirdata                     irdata       000000
__Hmediumconst                mediumconst  000000
__HnvFARRAM                   nvFARRAM     000000
__Hnvbit                      nvbit        000000
__Hnvrram                     nvrram       000000
__Hparam                      rparam       000000
__Hpowerup                    powerup      00000E
__Hram                        ram          000000
__Hramtop                     ramtop       000800
__Hrbit                       rbit         000000
__Hrbss                       rbss         000000
__Hrdata                      rdata        000000
__Hreset_vec                  reset_vec    000004
__Hrparam                     rparam       000000
__Hsfr                        sfr          000000
__Hsmallconst                 smallconst   000806
__Hspace_0                    (abs)        30000E
__Hspace_1                    (abs)        000036
__Hspace_2                    (abs)        000000
__Hstack                      stack        000000
__Hstruct                     struct       000000
__Htemp                       temp         000036
__Htext                       text         000000
__Htext0                      text0        000000
__Htext1                      text1        000000
__Htext10                     text10       000000
__Htext11                     text11       000000
__Htext12                     text12       000000
__Htext13                     text13       000000
__Htext2                      text2        000000
__Htext3                      text3        000000
__Htext4                      text4        000000
__Htext5                      text5        000000
__Htext6                      text6        000000
__Htext7                      text7        000000
__Htext8                      text8        000000
__Htext9                      text9        000000
__LRAM                        (abs)        000001
__Labs1                       abs1         000000
__Lbank0                      bank0        000000
__Lbank1                      bank1        000000
__Lbank2                      bank2        000000
__Lbank3                      bank3        000000
__Lbank4                      bank4        000000
__Lbank5                      bank5        000000
__Lbank6                      bank6        000000
__Lbank7                      bank7        000000
__Lbigbss                     bigbss       000000
__Lbigdata                    bigdata      000000
__Lbigram                     bigram       000000
__Lbss                        bss          000000
__LbssCOMRAM                  bssCOMRAM    000000
__Lcinit                      cinit        000000
__Lclrtext                    clrtext      000000
__Lcomram                     comram       000000
__Lconfig                     config       300000
__Lconst                      const        000000
__LcstackCOMRAM               cstackCOMRAM 000000
__Ldata                       data         000000
__LdataCOMRAM                 dataCOMRAM   000000
__Leeprom_data                eeprom_data  000000
__Lfarbss                     farbss       000000
__Lfardata                    fardata      000000
__Libigdata                   ibigdata     000000
__Lidata                      idata        000000
__LidataCOMRAM                idataCOMRAM  000000
__Lidloc                      idloc        200000
__Lifardata                   ifardata     000000
__Linit                       init         00000E
__Lintcode                    intcode      000008
__Lintcode_body               intcode_body 000000
__Lintcodelo                  intcodelo    00000E
__Lintentry                   intentry     000000
__Lintret                     intret       000000
__Lintsave_regs               intsave_regs 000000
__Lirdata                     irdata       000000
__Lmediumconst                mediumconst  000000
__LnvFARRAM                   nvFARRAM     000000
__Lnvbit                      nvbit        000000
__Lnvrram                     nvrram       000000
__Lparam                      rparam       000000
__Lpowerup                    powerup      00000E
__Lram                        ram          000000
__Lramtop                     ramtop       000800
__Lrbit                       rbit         000000
__Lrbss                       rbss         000000
__Lrdata                      rdata        000000
__Lreset_vec                  reset_vec    000000
__Lrparam                     rparam       000000
__Lsfr                        sfr          000000
__Lsmallconst                 smallconst   000800
__Lspace_0                    (abs)        000000
__Lspace_1                    (abs)        000000
__Lspace_2                    (abs)        000000
__Lstack                      stack        000000
__Lstruct                     struct       000000
__Ltemp                       temp         000035
__Ltext                       text         000000
__Ltext0                      text0        000000
__Ltext1                      text1        000000
__Ltext10                     text10       000000
__Ltext11                     text11       000000
__Ltext12                     text12       000000
__Ltext13                     text13       000000
__Ltext2                      text2        000000
__Ltext3                      text3        000000
__Ltext4                      text4        000000
__Ltext5                      text5        000000
__Ltext6                      text6        000000
__Ltext7                      text7        000000
__Ltext8                      text8        000000
__Ltext9                      text9        000000
__S0                          (abs)        30000E
__S1                          (abs)        000036
__S2                          (abs)        000000
___inthi_sp                   stack        000000
___intlo_sp                   stack        000000
___param_bank                 (abs)        000000
___rparam_used                (abs)        000001
___sp                         stack        000000
__accesstop                   (abs)        000060
__activetblptr                (abs)        000002
__end_of_ConfiguraLCD         text11       000A26
__end_of_Delay                text13       000DE0
__end_of_EnderecoCursor       text7        000BFE
__end_of_EscreveCaractereLCD  text9        000B24
__end_of_EscreveComandoLCD    text12       000AB2
__end_of_EscreveFraseRamLCD   text8        000D10
__end_of_Init_EEPROM          text10       000E1A
__end_of_PosicaoCursorLCD     text6        000B94
__end_of__initialization      cinit        000D80
__end_of_display              text5        000CBE
__end_of_initHw               text4        000D54
__end_of_initInterrupt        text3        000DBC
__end_of_isr                  intcode_body 000988
__end_of_main                 text0        000DFE
__end_of_odometroParcial      text2        0008C8
__end_of_odometroTotal        text1        000C64
__initialization              cinit        000D54
__mediumconst                 mediumconst  000000
__pbssCOMRAM                  bssCOMRAM    00002C
__pcinit                      cinit        000D54
__pcstackCOMRAM               cstackCOMRAM 000001
__pdataCOMRAM                 dataCOMRAM   000017
__pidataCOMRAM                idataCOMRAM  000DFE
__pintcode                    intcode      000008
__pintcode_body               intcode_body 0008C8
__psmallconst                 smallconst   000800
__ptext0                      text0        000DE0
__ptext1                      text1        000BFE
__ptext10                     text10       000E14
__ptext11                     text11       000988
__ptext12                     text12       000A26
__ptext13                     text13       000DBC
__ptext2                      text2        000806
__ptext3                      text3        000D8E
__ptext4                      text4        000D10
__ptext5                      text5        000C64
__ptext6                      text6        000B24
__ptext7                      text7        000B94
__ptext8                      text8        000CBE
__ptext9                      text9        000AB2
__ramtop                      ramtop       000800
__size_of_ConfiguraLCD        (abs)        000000
__size_of_Delay               (abs)        000000
__size_of_EnderecoCursor      (abs)        000000
__size_of_EscreveCaractereLCD (abs)        000000
__size_of_EscreveComandoLCD   (abs)        000000
__size_of_EscreveFraseRamLCD  (abs)        000000
__size_of_Init_EEPROM         (abs)        000000
__size_of_PosicaoCursorLCD    (abs)        000000
__size_of_display             (abs)        000000
__size_of_initHw              (abs)        000000
__size_of_initInterrupt       (abs)        000000
__size_of_isr                 (abs)        000000
__size_of_main                (abs)        000000
__size_of_odometroParcial     (abs)        000000
__size_of_odometroTotal       (abs)        000000
__smallconst                  smallconst   000800
_atualizaOdoParcial           bssCOMRAM    00002C
_atualizaOdoTotal             bssCOMRAM    00002E
_bordaParcial                 bssCOMRAM    000030
_bordaTotal                   bssCOMRAM    000032
_display                      text5        000C64
_initHw                       text4        000D10
_initInterrupt                text3        000D8E
_isr                          intcode      000008
_main                         text0        000DE0
_odoParcial                   dataCOMRAM   00001E
_odoTotal                     dataCOMRAM   000025
_odometroParcial              text2        000806
_odometroTotal                text1        000BFE
btemp                         temp         000035
end_of_initialization         cinit        000D80
int$flags                     temp         000035
int_func                      intcode_body 0008C8
intlevel0                     text         000000
intlevel1                     text         000000
intlevel2                     text         000000
intlevel3                     text         000000
odometroParcial@i             bssCOMRAM    000034
odometroParcial@position      cstackCOMRAM 000015
odometroParcial@trava         cstackCOMRAM 000016
stackhi                       (abs)        0007FF
stacklo                       (abs)        000060
start                         init         00000E
start_initialization          cinit        000D54


FUNCTION INFORMATION:

 *************** function _main *****************
 Defined at:
		line 36 in file "main.c"
 Parameters:    Size  Location     Type
		None
 Auto vars:     Size  Location     Type
		None
 Return value:  Size  Location     Type
                  1    wreg      void 
 Registers used:
		wreg, fsr0l, fsr0h, fsr2l, fsr2h, status,2, status,0, tblptrl, tblptrh, tblptru, prodl, prodh, cstack
 Tracked objects:
		On entry : 
		On exit  : 
		Unchanged: 
 Data sizes:     COMRAM   BANK0   BANK1   BANK2   BANK3   BANK4   BANK5   BANK6   BANK7
      Params:         0       0       0       0       0       0       0       0       0
      Locals:         0       0       0       0       0       0       0       0       0
      Temps:          0       0       0       0       0       0       0       0       0
      Totals:         0       0       0       0       0       0       0       0       0
Total ram usage:        0 bytes
 Hardware stack levels required when called:    5
 This function calls:
		_ConfiguraLCD
		_Init_EEPROM
		_display
		_initHw
		_initInterrupt
		_odometroParcial
		_odometroTotal
 This function is called by:
		Startup code after reset
 This function uses a non-reentrant model


 *************** function _odometroTotal *****************
 Defined at:
		line 17 in file "Odometro_Total_Parcial.c"
 Parameters:    Size  Location     Type
		None
 Auto vars:     Size  Location     Type
		None
 Return value:  Size  Location     Type
                  1    wreg      void 
 Registers used:
		wreg, fsr0l, fsr0h, status,2, status,0, tblptrl, tblptrh, tblptru, cstack
 Tracked objects:
		On entry : 
		On exit  : 
		Unchanged: 
 Data sizes:     COMRAM   BANK0   BANK1   BANK2   BANK3   BANK4   BANK5   BANK6   BANK7
      Params:         0       0       0       0       0       0       0       0       0
      Locals:         0       0       0       0       0       0       0       0       0
      Temps:          0       0       0       0       0       0       0       0       0
      Totals:         0       0       0       0       0       0       0       0       0
Total ram usage:        0 bytes
 Hardware stack levels used:    1
 Hardware stack levels required when called:    4
 This function calls:
		_EscreveFraseRamLCD
		_PosicaoCursorLCD
 This function is called by:
		_main
 This function uses a non-reentrant model


 *************** function _odometroParcial *****************
 Defined at:
		line 57 in file "Odometro_Total_Parcial.c"
 Parameters:    Size  Location     Type
		None
 Auto vars:     Size  Location     Type
  trava           1   21[COMRAM] unsigned char 
  position        1   20[COMRAM] unsigned char 
 Return value:  Size  Location     Type
                  1    wreg      void 
 Registers used:
		wreg, fsr0l, fsr0h, fsr2l, fsr2h, status,2, status,0, tblptrl, tblptrh, tblptru, prodl, prodh, cstack
 Tracked objects:
		On entry : 
		On exit  : 
		Unchanged: 
 Data sizes:     COMRAM   BANK0   BANK1   BANK2   BANK3   BANK4   BANK5   BANK6   BANK7
      Params:         0       0       0       0       0       0       0       0       0
      Locals:         2       0       0       0       0       0       0       0       0
      Temps:          0       0       0       0       0       0       0       0       0
      Totals:         2       0       0       0       0       0       0       0       0
Total ram usage:        2 bytes
 Hardware stack levels used:    1
 Hardware stack levels required when called:    4
 This function calls:
		_EscreveFraseRamLCD
		_PosicaoCursorLCD
 This function is called by:
		_main
 This function uses a non-reentrant model


 *************** function _initInterrupt *****************
 Defined at:
		line 52 in file "main.c"
 Parameters:    Size  Location     Type
		None
 Auto vars:     Size  Location     Type
		None
 Return value:  Size  Location     Type
                  1    wreg      void 
 Registers used:
		wreg, status,2
 Tracked objects:
		On entry : 
		On exit  : 
		Unchanged: 
 Data sizes:     COMRAM   BANK0   BANK1   BANK2   BANK3   BANK4   BANK5   BANK6   BANK7
      Params:         0       0       0       0       0       0       0       0       0
      Locals:         0       0       0       0       0       0       0       0       0
      Temps:          0       0       0       0       0       0       0       0       0
      Totals:         0       0       0       0       0       0       0       0       0
Total ram usage:        0 bytes
 Hardware stack levels used:    1
 Hardware stack levels required when called:    1
 This function calls:
		Nothing
 This function is called by:
		_main
 This function uses a non-reentrant model


 *************** function _initHw *****************
 Defined at:
		line 65 in file "main.c"
 Parameters:    Size  Location     Type
		None
 Auto vars:     Size  Location     Type
		None
 Return value:  Size  Location     Type
                  1    wreg      void 
 Registers used:
		wreg, status,2
 Tracked objects:
		On entry : 
		On exit  : 
		Unchanged: 
 Data sizes:     COMRAM   BANK0   BANK1   BANK2   BANK3   BANK4   BANK5   BANK6   BANK7
      Params:         0       0       0       0       0       0       0       0       0
      Locals:         0       0       0       0       0       0       0       0       0
      Temps:          0       0       0       0       0       0       0       0       0
      Totals:         0       0       0       0       0       0       0       0       0
Total ram usage:        0 bytes
 Hardware stack levels used:    1
 Hardware stack levels required when called:    1
 This function calls:
		Nothing
 This function is called by:
		_main
 This function uses a non-reentrant model


 *************** function _display *****************
 Defined at:
		line 93 in file "main.c"
 Parameters:    Size  Location     Type
		None
 Auto vars:     Size  Location     Type
		None
 Return value:  Size  Location     Type
                  1    wreg      void 
 Registers used:
		wreg, fsr0l, fsr0h, status,2, status,0, tblptrl, tblptrh, tblptru, cstack
 Tracked objects:
		On entry : 
		On exit  : 
		Unchanged: 
 Data sizes:     COMRAM   BANK0   BANK1   BANK2   BANK3   BANK4   BANK5   BANK6   BANK7
      Params:         0       0       0       0       0       0       0       0       0
      Locals:         0       0       0       0       0       0       0       0       0
      Temps:          0       0       0       0       0       0       0       0       0
      Totals:         0       0       0       0       0       0       0       0       0
Total ram usage:        0 bytes
 Hardware stack levels used:    1
 Hardware stack levels required when called:    4
 This function calls:
		_EscreveFraseRamLCD
		_PosicaoCursorLCD
 This function is called by:
		_main
 This function uses a non-reentrant model


 *************** function _PosicaoCursorLCD *****************
 Defined at:
		line 287 in file "displayLCD.c"
 Parameters:    Size  Location     Type
  linha           1    wreg     unsigned char 
  coluna          1   17[COMRAM] unsigned char 
 Auto vars:     Size  Location     Type
  linha           1   18[COMRAM] unsigned char 
  EnderecoLCD     1   19[COMRAM] unsigned char 
 Return value:  Size  Location     Type
                  1    wreg      void 
 Registers used:
		wreg, status,2, status,0, cstack
 Tracked objects:
		On entry : 
		On exit  : 
		Unchanged: 
 Data sizes:     COMRAM   BANK0   BANK1   BANK2   BANK3   BANK4   BANK5   BANK6   BANK7
      Params:         1       0       0       0       0       0       0       0       0
      Locals:         2       0       0       0       0       0       0       0       0
      Temps:          0       0       0       0       0       0       0       0       0
      Totals:         3       0       0       0       0       0       0       0       0
Total ram usage:        3 bytes
 Hardware stack levels used:    1
 Hardware stack levels required when called:    3
 This function calls:
		_EnderecoCursor
 This function is called by:
		_odometroTotal
		_odometroParcial
		_display
 This function uses a non-reentrant model


 *************** function _EnderecoCursor *****************
 Defined at:
		line 236 in file "displayLCD.c"
 Parameters:    Size  Location     Type
  endereco        1    wreg     unsigned char 
 Auto vars:     Size  Location     Type
  endereco        1   16[COMRAM] unsigned char 
 Return value:  Size  Location     Type
                  1    wreg      void 
 Registers used:
		wreg, status,2, status,0, cstack
 Tracked objects:
		On entry : 
		On exit  : 
		Unchanged: 
 Data sizes:     COMRAM   BANK0   BANK1   BANK2   BANK3   BANK4   BANK5   BANK6   BANK7
      Params:         0       0       0       0       0       0       0       0       0
      Locals:         1       0       0       0       0       0       0       0       0
      Temps:          0       0       0       0       0       0       0       0       0
      Totals:         1       0       0       0       0       0       0       0       0
Total ram usage:        1 bytes
 Hardware stack levels used:    1
 Hardware stack levels required when called:    2
 This function calls:
		_Delay
 This function is called by:
		_PosicaoCursorLCD
		_CriaCaractereLCD
 This function uses a non-reentrant model


 *************** function _EscreveFraseRamLCD *****************
 Defined at:
		line 470 in file "displayLCD.c"
 Parameters:    Size  Location     Type
  buffer          2   17[COMRAM] PTR unsigned char 
		 -> STR_2(3), STR_1(3), odoParcial(7), odoTotal(7), 
		 -> EscreveInteiroLCD@texto(7), 
 Auto vars:     Size  Location     Type
		None
 Return value:  Size  Location     Type
                  1    wreg      void 
 Registers used:
		wreg, fsr0l, fsr0h, status,2, status,0, tblptrl, tblptrh, tblptru, cstack
 Tracked objects:
		On entry : 
		On exit  : 
		Unchanged: 
 Data sizes:     COMRAM   BANK0   BANK1   BANK2   BANK3   BANK4   BANK5   BANK6   BANK7
      Params:         2       0       0       0       0       0       0       0       0
      Locals:         0       0       0       0       0       0       0       0       0
      Temps:          0       0       0       0       0       0       0       0       0
      Totals:         2       0       0       0       0       0       0       0       0
Total ram usage:        2 bytes
 Hardware stack levels used:    1
 Hardware stack levels required when called:    3
 This function calls:
		_EscreveCaractereLCD
 This function is called by:
		_odometroTotal
		_odometroParcial
		_display
		_EscreveInteiroLCD
 This function uses a non-reentrant model


 *************** function _EscreveCaractereLCD *****************
 Defined at:
		line 348 in file "displayLCD.c"
 Parameters:    Size  Location     Type
  data            1    wreg     unsigned char 
 Auto vars:     Size  Location     Type
  data            1   16[COMRAM] unsigned char 
 Return value:  Size  Location     Type
                  1    wreg      void 
 Registers used:
		wreg, status,2, status,0, cstack
 Tracked objects:
		On entry : 
		On exit  : 
		Unchanged: 
 Data sizes:     COMRAM   BANK0   BANK1   BANK2   BANK3   BANK4   BANK5   BANK6   BANK7
      Params:         0       0       0       0       0       0       0       0       0
      Locals:         1       0       0       0       0       0       0       0       0
      Temps:          0       0       0       0       0       0       0       0       0
      Totals:         1       0       0       0       0       0       0       0       0
Total ram usage:        1 bytes
 Hardware stack levels used:    1
 Hardware stack levels required when called:    2
 This function calls:
		_Delay
 This function is called by:
		_EscreveFraseRamLCD
		_EscreveFloatLCD
		_EscreveFraseLCD
		_CriaCaractereLCD
 This function uses a non-reentrant model


 *************** function _Init_EEPROM *****************
 Defined at:
		line 5 in file "EEPROM.c"
 Parameters:    Size  Location     Type
		None
 Auto vars:     Size  Location     Type
		None
 Return value:  Size  Location     Type
                  1    wreg      void 
 Registers used:
		wreg, status,2
 Tracked objects:
		On entry : 
		On exit  : 
		Unchanged: 
 Data sizes:     COMRAM   BANK0   BANK1   BANK2   BANK3   BANK4   BANK5   BANK6   BANK7
      Params:         0       0       0       0       0       0       0       0       0
      Locals:         0       0       0       0       0       0       0       0       0
      Temps:          0       0       0       0       0       0       0       0       0
      Totals:         0       0       0       0       0       0       0       0       0
Total ram usage:        0 bytes
 Hardware stack levels used:    1
 Hardware stack levels required when called:    1
 This function calls:
		Nothing
 This function is called by:
		_main
 This function uses a non-reentrant model


 *************** function _ConfiguraLCD *****************
 Defined at:
		line 87 in file "displayLCD.c"
 Parameters:    Size  Location     Type
		None
 Auto vars:     Size  Location     Type
		None
 Return value:  Size  Location     Type
                  1    wreg      void 
 Registers used:
		wreg, status,2, status,0, cstack
 Tracked objects:
		On entry : 
		On exit  : 
		Unchanged: 
 Data sizes:     COMRAM   BANK0   BANK1   BANK2   BANK3   BANK4   BANK5   BANK6   BANK7
      Params:         0       0       0       0       0       0       0       0       0
      Locals:         0       0       0       0       0       0       0       0       0
      Temps:          1       0       0       0       0       0       0       0       0
      Totals:         1       0       0       0       0       0       0       0       0
Total ram usage:        1 bytes
 Hardware stack levels used:    1
 Hardware stack levels required when called:    3
 This function calls:
		_Delay
		_EscreveComandoLCD
 This function is called by:
		_main
 This function uses a non-reentrant model


 *************** function _EscreveComandoLCD *****************
 Defined at:
		line 179 in file "displayLCD.c"
 Parameters:    Size  Location     Type
  cmd             1    wreg     unsigned char 
 Auto vars:     Size  Location     Type
  cmd             1   16[COMRAM] unsigned char 
 Return value:  Size  Location     Type
                  1    wreg      void 
 Registers used:
		wreg, status,2, status,0, cstack
 Tracked objects:
		On entry : 
		On exit  : 
		Unchanged: 
 Data sizes:     COMRAM   BANK0   BANK1   BANK2   BANK3   BANK4   BANK5   BANK6   BANK7
      Params:         0       0       0       0       0       0       0       0       0
      Locals:         1       0       0       0       0       0       0       0       0
      Temps:          0       0       0       0       0       0       0       0       0
      Totals:         1       0       0       0       0       0       0       0       0
Total ram usage:        1 bytes
 Hardware stack levels used:    1
 Hardware stack levels required when called:    2
 This function calls:
		_Delay
 This function is called by:
		_ConfiguraLCD
		_CriaCaractereLCD
 This function uses a non-reentrant model


 *************** function _Delay *****************
 Defined at:
		line 61 in file "displayLCD.c"
 Parameters:    Size  Location     Type
		None
 Auto vars:     Size  Location     Type
  Cnt2            1   15[COMRAM] unsigned char 
  Cnt1            1   14[COMRAM] unsigned char 
 Return value:  Size  Location     Type
                  1    wreg      void 
 Registers used:
		wreg, status,2, status,0
 Tracked objects:
		On entry : 
		On exit  : 
		Unchanged: 
 Data sizes:     COMRAM   BANK0   BANK1   BANK2   BANK3   BANK4   BANK5   BANK6   BANK7
      Params:         0       0       0       0       0       0       0       0       0
      Locals:         2       0       0       0       0       0       0       0       0
      Temps:          0       0       0       0       0       0       0       0       0
      Totals:         2       0       0       0       0       0       0       0       0
Total ram usage:        2 bytes
 Hardware stack levels used:    1
 Hardware stack levels required when called:    1
 This function calls:
		Nothing
 This function is called by:
		_ConfiguraLCD
		_EscreveComandoLCD
		_EnderecoCursor
		_EscreveCaractereLCD
 This function uses a non-reentrant model


 *************** function _isr *****************
 Defined at:
		line 19 in file "main.c"
 Parameters:    Size  Location     Type
		None
 Auto vars:     Size  Location     Type
		None
 Return value:  Size  Location     Type
                  1    wreg      void 
 Registers used:
		wreg, status,2, status,0
 Tracked objects:
		On entry : 
		On exit  : 
		Unchanged: 
 Data sizes:     COMRAM   BANK0   BANK1   BANK2   BANK3   BANK4   BANK5   BANK6   BANK7
      Params:         0       0       0       0       0       0       0       0       0
      Locals:         0       0       0       0       0       0       0       0       0
      Temps:         14       0       0       0       0       0       0       0       0
      Totals:        14       0       0       0       0       0       0       0       0
Total ram usage:       14 bytes
 Hardware stack levels used:    1
 This function calls:
		Nothing
 This function is called by:
		Interrupt level 2
 This function uses a non-reentrant model



MODULE INFORMATION

Module		Function		Class		Link	Load	Size
Odometro_Total_Parcial.c
		_odometroTotal 		CODE           	0BFE	0000	103
		_odometroParcial		CODE           	0806	0000	195

Odometro_Total_Parcial.c estimated size: 298

EEPROM.c
		_Init_EEPROM   		CODE           	0E14	0000	7

EEPROM.c estimated size: 7

shared
		__initialization		CODE           	0D54	0000	45

shared estimated size: 45

displayLCD.c
		_EscreveCaractereLCD		CODE           	0AB2	0000	115
		_EscreveComandoLCD		CODE           	0A26	0000	141
		_ConfiguraLCD  		CODE           	0988	0000	159
		_Delay         		CODE           	0DBC	0000	37
		_PosicaoCursorLCD		CODE           	0B24	0000	113
		_EnderecoCursor		CODE           	0B94	0000	107
		_EscreveFraseRamLCD		CODE           	0CBE	0000	83

displayLCD.c estimated size: 755

main.c
		_display       		CODE           	0C64	0000	91
		_main          		CODE           	0DE0	0000	31
		_initHw        		CODE           	0D10	0000	69
		_initInterrupt 		CODE           	0D8E	0000	47
		_isr           		CODE           	0008	0000	199

main.c estimated size: 437

